[replay] 69cafdd3c9ee05a19b45638a run 1/1 (foundry-install-loop) ...
  -> outcome=completed_clean iters=19 tokens=193497 elapsed=201.08s
[replay] 69cb280662972386aaf55ff4 run 1/1 (foundry-install-loop) ...
  -> outcome=completed_clean iters=29 tokens=365620 elapsed=458.02s
[replay] 69cc0171365f162bc336119f run 1/1 (foundry-install-loop) ...
  -> outcome=completed_clean iters=21 tokens=219565 elapsed=242.66s
[replay] 69cc5c542447cfb1b234d419 run 1/1 (foundry-install-loop) ...
  -> outcome=completed_clean iters=31 tokens=377497 elapsed=457.84s
[replay] 69cc5d252447cfb1b234d422 run 1/1 (foundry-install-loop) ...
  -> outcome=completed_clean iters=30 tokens=419590 elapsed=716.2s
[replay] 69caf6db825fef911ec3ebd3 run 1/1 (empty-resume-context) ...
  -> outcome=completed_clean iters=3 tokens=21832 elapsed=11.42s
[replay] 69c5c96fd00e0eacbd9bc64f run 1/1 (api-tool-result-mismatch) ...
  -> outcome=completed_clean iters=21 tokens=748023 elapsed=386.98s
[replay] 69cc194866eebfa5ccde6a6f run 1/1 (golden) ...
  -> outcome=completed_clean iters=0 tokens=5497 elapsed=3.94s
[replay] 69cc20f34735ef0c0f1c3089 run 1/1 (golden) ...
  -> outcome=completed_clean iters=20 tokens=201122 elapsed=194.95s
[replay] 69cbefc607eb531d6dbd5f21 run 1/1 (golden) ...
  -> outcome=completed_clean iters=17 tokens=173417 elapsed=183.56s
[replay] 69cc06975ef566cf5fe2e06d run 1/1 (golden) ...
  -> outcome=completed_clean iters=16 tokens=178723 elapsed=322.55s
[replay] 69cbfb652f17f872550f8ab9 run 1/1 (golden) ...
  -> outcome=completed_clean iters=16 tokens=201659 elapsed=190.91s

Wrote summary to C:\Users\thier\ouroboros-backend\analysis\runs\_summary_20260414T053429.json
